// Jest Snapshot v1, https://goo.gl/fbAQLP

exports[`renders correctly 1`] = `
<Text
  style={
    [
      {
        "color": "#333333",
      },
      undefined,
    ]
  }
>
  Snapshot test!
</Text>
`;
